HTTP_ERROR 500 /api/horde/status
通过 真实助手脚本窗口向酒馆父窗口暴露接口
通过 未知任务、联系人、资讯与日志全部留空
通过 隐藏剧情字段没有进入接口
通过 任务激活与过期正确、未告知期限隐藏
通过 联系人取得条件及日志轮回过滤正确
通过 联系只填可编辑草稿、不发消息不改状态
通过 输入框已有文字时不覆盖并保留草稿
通过 同步快照被调用者修改不会反写
通过 生成开始立即清空
通过 生成中的已写入快照也不提前展示
通过 中止后结束事件和迟到提交均不能更新
通过 正常生成只有写入完成后恢复展示
通过 固定变量框架解析结束不抢先发布，写入后才更新
通过 编辑消息不重新发布旧变量
通过 编辑后重新提交才恢复
通过 切消息分支立即清空且不回捞旧分支
通过 新轮回剧情记录清空、已解锁相册保留
HTTP_ERROR 500 /api/horde/text-models
通过 切普通聊天无旧剧情和相册残留
PAGE_ERROR Unexpected token 'I', "Internal S"... is not valid JSON 
通过 删除消息先清空，不展示已删除楼层
通过 重复加载旧提供者卸载，新监听不重复
通过 变量版本不兼容时关闭展示
通过 同装世界背面时卡侧接口就绪
通过 完整世界背面扩展根界面和 Phone Bridge v2 同时存在
通过 卡侧提交未改写世界背面状态与桥对象
通过 世界背面公开桥读取不改写 MVU 与七都 revision
通过 过期 revision 与非法操作均拒绝
通过 空格输入不覆盖
通过 相册读取损坏时明确警告且不覆盖原记录
通过 相册写入失败有警告且不污染角色知识
通过 订阅立即回调、异常隔离与重复取消
通过 真实解析后编辑消息使迟到事务失效
通过 受控长文本十二次真实解析保持提交顺序
HTTP_ERROR 503 /api/settings/save
通过 账户异步持久化失败有酒馆原生错误提示
HTTP_ERROR 500 /api/horde/status
通过 浏览器重新加载后账户相册仍保留
